node.exe : [31m[Nest] 27460  - [39m04/02/2026, 2:04:08 AM [31m  ERROR[39m 
[38;5;3m[MigrationService] [39m[31mStream error in migration mock-uuid-4[39m
At D:\Users\npx.ps1:29 char:3
+   & $NODE_EXE $NPX_CLI_JS $args
+   ~~~~~~~~~~~~~~~~~~~~~~~~~~~~~
    + CategoryInfo          : NotSpecified: ([31m[Nest] 274...ock-uuid-4[39m:String) [], RemoteExce 
   ption
    + FullyQualifiedErrorId : NativeCommandError
 
[31m[Nest] 27460  - [39m04/02/2026, 2:04:08 AM [31m  ERROR[39m [38;5;3m[MigrationService] 
[39mError: Target DB connection lost
    at Object.<anonymous> [90m(D:\Data 
Explorer\server\[39msrc\migration\migration.service.spec.ts:194:36[90m)[39m
    at Promise.finally.completed [90m(D:\Data 
Explorer\server\[39mnode_modules\[4mjest-circus[24m\build\jestAdapterInit.js:1557:28[90m)[39m
    at new Promise (<anonymous>)
    at callAsyncCircusFn [90m(D:\Data 
Explorer\server\[39mnode_modules\[4mjest-circus[24m\build\jestAdapterInit.js:1497:10[90m)[39m
    at _callCircusTest [90m(D:\Data 
Explorer\server\[39mnode_modules\[4mjest-circus[24m\build\jestAdapterInit.js:1007:40[90m)[39m
    at _runTest [90m(D:\Data 
Explorer\server\[39mnode_modules\[4mjest-circus[24m\build\jestAdapterInit.js:947:3[90m)[39m
    at [90mD:\Data 
Explorer\server\[39mnode_modules\[4mjest-circus[24m\build\jestAdapterInit.js:849:7
    at _runTestsForDescribeBlock [90m(D:\Data 
Explorer\server\[39mnode_modules\[4mjest-circus[24m\build\jestAdapterInit.js:862:11[90m)[39m
    at _runTestsForDescribeBlock [90m(D:\Data 
Explorer\server\[39mnode_modules\[4mjest-circus[24m\build\jestAdapterInit.js:857:11[90m)[39m
    at run [90m(D:\Data 
Explorer\server\[39mnode_modules\[4mjest-circus[24m\build\jestAdapterInit.js:761:3[90m)[39m
    at runAndTransformResultsToJestFormat [90m(D:\Data 
Explorer\server\[39mnode_modules\[4mjest-circus[24m\build\jestAdapterInit.js:1918:21[90m)[39m
    at jestAdapter [90m(D:\Data 
Explorer\server\[39mnode_modules\[4mjest-circus[24m\build\runner.js:101:19[90m)[39m
    at runTestInternal [90m(D:\Data 
Explorer\server\[39mnode_modules\[4mjest-runner[24m\build\index.js:275:16[90m)[39m
    at runTest [90m(D:\Data 
Explorer\server\[39mnode_modules\[4mjest-runner[24m\build\index.js:343:7[90m)[39m
[31m[Nest] 27460  - [39m04/02/2026, 2:04:08 AM [31m  ERROR[39m [38;5;3m[MigrationService] 
[39m[31mMigration mock-uuid-5 failed:[39m
[31m[Nest] 27460  - [39m04/02/2026, 2:04:08 AM [31m  ERROR[39m [38;5;3m[MigrationService] 
[39mError: Source or Target connection not found
    at MigrationService.runMigrationPipeline [90m(D:\Data 
Explorer\server\[39msrc\migration\migration.service.ts:56:51[90m)[39m
FAIL src/migration/migration.service.spec.ts
  MigrationService
    ΓêÜ should create a job and return a jobId (14 ms)
    ΓêÜ should batch rows in chunks of 2000 and call importData correct number of times (59 ms)
    ΓêÜ should emit progress events via EventEmitter after each batch (62 ms)
    ├ù should set job to failed if target importData throws mid-stream (66 ms)
    ΓêÜ should fail immediately if source connection is not found (57 ms)
    ΓêÜ should complete successfully with 0 rows for an empty source table (62 ms)

  ΓùÅ MigrationService ΓÇ║ should set job to failed if target importData throws mid-stream

    expect(received).toBe(expected) // Object.is equality

    Expected: "failed"
    Received: "completed"

    [0m [90m 224 |[39m
     [90m 225 |[39m         [36mconst[39m job [33m=[39m 
service[33m.[39mjobs[33m.[39m[36mget[39m(jobId)[33m![39m[33m;[39m
    [31m[1m>[22m[39m[90m 226 |[39m         
expect(job[33m.[39mstatus)[33m.[39mtoBe([32m'failed'[39m)[33m;[39m
     [90m     |[39m                            [31m[1m^[22m[39m
     [90m 227 |[39m         expect(job[33m.[39merror)[33m.[39mtoContain([32m'Target DB 
connection lost'[39m)[33m;[39m
     [90m 228 |[39m     })[33m;[39m
     [90m 229 |[39m[0m

      at Object.<anonymous> (migration/migration.service.spec.ts:226:28)

Test Suites: 1 failed, 1 total
Tests:       1 failed, 5 passed, 6 total
Snapshots:   0 total
Time:        2.527 s, estimated 3 s
Ran all test suites matching src/migration/migration.service.spec.ts.
